Arguments incorrects. Utilisez -h pour l'aide du programme.
