/YPMGXHYPVE.html (4927 hits)
/RWRRFIZRUJ.html (4735 hits)
/GUKTGWBTIG.html (4618 hits)
/VCHHUSROFF.html (4594 hits)
/NLAIQHMLKH.html (4523 hits)
/OFMMMHMLFY.html (4500 hits)
/SAMSKJTNNS.html (4413 hits)
/GBVEHDVCUJ.html (4369 hits)
/SUXGUAZXMB.html (4257 hits)
/FCZJXADDZA.html (4154 hits)
