/temps/3IF6.html 200 http:// intranet-if.insa-lyon.fr /temps/4IF18.html
/SiteWebIF/Intranet-etudiant.php 200 http:// intranet-if.insa-lyon.fr /temps/suivant.gif
/temps/3IF10.html 200 http:// intranet-if.insa-lyon.fr /temps/3IF37.html
/favicon.ico 200 http:// intranet-if.insa-lyon.fr /favicon.ico
/favicon.ico 200 http:// intranet-if.insa-lyon.fr /SiteWebIF/Intranet-etudiant.php
/temps/choix.gif 200 http:// intranet-if.insa-lyon.fr /temps/3IF5.html
/temps/3IF3.html 200 http:// intranet-if.insa-lyon.fr /temps/3IF18.html
/ 200 http:// intranet-if.insa-lyon.fr /temps/4IF18.html
/ 200 http:// intranet-if.insa-lyon.fr /temps/4IF19.html
/temps/3IF45.html 200 http:// intranet-if.insa-lyon.fr /temps/FondInsa.jpg
/favicon.ico 200 http:// intranet-if.insa-lyon.fr /temps/3IF39.html
/notesif/RSS/RSS_3IF.xml 200 http:// intranet-if.insa-lyon.fr /notesif
