Erreur : Impossible d'ouvrir le fichier de log fichier.txt
