V 25%
J 24%
R 25%
N 24%
2 0 50%
2 1 49%
2 2 49%
2 3 50%
2 4 49%
2 5 49%
2 6 50%
2 7 50%
2 8 49%
2 9 49%
2 10 49%
2 11 49%
2 12 50%
2 13 49%
2 14 50%
2 15 50%
2 16 49%
2 17 49%
2 18 49%
2 19 49%
2 20 49%
2 21 49%
2 22 49%
2 23 49%
V 24%
J 25%
R 24%
N 25%
