/SiteWebIF/Intranet-etudiant.php.ico 200 http:// intranet-if.insa-lyon.fr /temps/suivant.gif
/SiteWebIF/Intranet-etudiant.php.poulet 200 http:// intranet-if.insa-lyon.fr /temps/4IF19
/temps/suivant.gif.poulet 200 http:// intranet-if.insa-lyon.fr /temps/3IF38
/temps/choix.gif.php 200 http:// intranet-if.insa-lyon.fr /temps/3IF8
/notesif.html 200 http:// intranet-if.insa-lyon.fr /temps/3IF12
/temps/3IF13.poulet 200 http:// intranet-if.insa-lyon.fr /notesif/RSS/RSS_3IF.xml
/temps/3IF17.php 200 http:// intranet-if.insa-lyon.fr /temps/4IF18
/temps/FondInsa.jpg.jpg 200 http:// intranet-if.insa-lyon.fr /temps/3IF13
/temps/3IF47.css 200 http:// intranet-if.insa-lyon.fr /SiteWebIF/Intranet-etudiant.php
/temps/3IF37.html 200 http:// intranet-if.insa-lyon.fr /temps/suivant.gif
/temps/3IF9.css 200 http:// intranet-if.insa-lyon.fr /temps/3IF43
/temps/3IF13.poulet 200 http:// intranet-if.insa-lyon.fr /stages/style_pfe.css
/temps/FondInsa.jpg.js 200 http:// intranet-if.insa-lyon.fr /temps/3IF52
/temps/precedent.gif.php 200 http:// intranet-if.insa-lyon.fr /temps/3IF8
/temps/3IF4.js 200 http:// intranet-if.insa-lyon.fr /notesif/RSS/RSS_3IF.xml
/temps/3IF5.poulet 200 http:// intranet-if.insa-lyon.fr /temps/style_emploi_du_temps.css
/temps/3IF12.html 200 http:// intranet-if.insa-lyon.fr /temps/InsaIF.ico
/temps/3IF2.html 200 http:// intranet-if.insa-lyon.fr /temps/3IF22
/temps/3IF13.poulet 200 http:// intranet-if.insa-lyon.fr /temps/3IF38
/SiteWebIF/Intranet-etudiant.php.css 200 http:// intranet-if.insa-lyon.fr /temps/3IF45
/temps/3IF41.html 200 http:// intranet-if.insa-lyon.fr /temps/3IF52
/temps/3IF38.jpg 200 http:// intranet-if.insa-lyon.fr /temps/precedent.gif
/SiteWebIF/Intranet-etudiant.phpticket=ST-341682-RjfRTgziibddmotBJFlo-dsi-vm03.css 200 http:// intranet-if.insa-lyon.fr /SiteWebIF/Intranet-etudiant.php
/notesif/.html 200 http:// intranet-if.insa-lyon.fr /temps/3IF50
/SiteWebIF/Intranet-etudiant.php.ico 200 http:// intranet-if.insa-lyon.fr /temps/3IF39
/temps/3IF37.php 200 http:// intranet-if.insa-lyon.fr /temps/3IF19
/temps/3IF12.php 200 http:// intranet-if.insa-lyon.fr /
/notesif/RSS/RSS_3IF.xml.html 200 http:// intranet-if.insa-lyon.fr /temps/suivant.gif
/temps/3IF37.js 200 http:// intranet-if.insa-lyon.fr /temps/3IF5
/temps/choix.gif.php 200 http:// intranet-if.insa-lyon.fr /temps/3IF38
/temps/3IF38.php 200 http:// intranet-if.insa-lyon.fr /temps/3IF1.ics
/notesif.php 200 http:// intranet-if.insa-lyon.fr /temps/4IF17
/temps/precedent.gif.css 200 http:// intranet-if.insa-lyon.fr /temps/
/temps/3IF45.html 200 http:// intranet-if.insa-lyon.fr /temps/3IF38
/temps/3IF12.php 200 http:// intranet-if.insa-lyon.fr /temps/3IF37
/temps/3IF52.js 200 http:// intranet-if.insa-lyon.fr /temps/3IF38
/temps/InsaIF.ico.css 200 http:// intranet-if.insa-lyon.fr /SiteWebIF/Intranet-etudiant.php
/temps/3IF39.html 200 http:// intranet-if.insa-lyon.fr /temps/
/temps/3IF49.php 200 http:// intranet-if.insa-lyon.fr /temps/index
/favicon.ico.poulet 200 http:// intranet-if.insa-lyon.fr /temps/3IF40
/favicon.ico.html 200 http:// intranet-if.insa-lyon.fr /temps/3IF50
/temps/3IF38.html 200 http:// intranet-if.insa-lyon.fr /temps/4IF17
/SiteWebIF/Intranet-etudiant.phpticketlNEzic9e5btb4JQ1Nw-dsi-vm03.jpg 200 http:// intranet-if.insa-lyon.fr /
/.php 200 http:// intranet-if.insa-lyon.fr /temps/3IF38
/temps/3IF8.html 200 http:// intranet-if.insa-lyon.fr /temps/3IF45
/temps/3IF42.js 200 http:// intranet-if.insa-lyon.fr /temps/3IF21
/notesif/RSS/RSS_4IF.xml.poulet 200 http:// intranet-if.insa-lyon.fr /temps/precedent.gif
/temps/style_emploi_du_temps.css.html 200 http:// intranet-if.insa-lyon.fr /temps/3IF43
/temps/3IF19.poulet 200 http:// intranet-if.insa-lyon.fr /notesif
/temps/3IF14.php 200 http:// intranet-if.insa-lyon.fr /notesif/RSS/RSS_3IF.xml
/stages/bandeauFinal.jpg.css 200 http:// intranet-if.insa-lyon.fr /notesif/
/temps/3IF19.html 200 http:// intranet-if.insa-lyon.fr /temps/3IF19
/notesif/.ico 200 http:// intranet-if.insa-lyon.fr /notesif/
/temps/3IF38.poulet 200 http:// intranet-if.insa-lyon.fr /temps/
/SiteWebIF/Intranet-etudiant.php.js 200 http:// intranet-if.insa-lyon.fr /temps/3IF39
/temps/3IF42.html 200 http:// intranet-if.insa-lyon.fr /SiteWebIF/Intranet-etudiant.phpticket=ST-341682-RjfRTgziibddmotBJFlo-dsi-vm03
/temps/precedent.gif.js 200 http:// intranet-if.insa-lyon.fr /temps/3IF50
/stages/InsaIF.ico.poulet 200 http:// intranet-if.insa-lyon.fr /temps/3IF11
/cas/themes/insa/media/favicon.ico.js 200 http:// intranet-if.insa-lyon.fr /favicon.ico
/temps/3IF37.js 200 http:// intranet-if.insa-lyon.fr /SiteWebIF/Intranet-etudiant.php
/notesif/.css 200 http:// intranet-if.insa-lyon.fr /temps/3IF49
/temps/3IF7.js 200 http:// intranet-if.insa-lyon.fr /notesif/RSS/RSS_3IF.xml
/temps/3IF5.php 200 http:// intranet-if.insa-lyon.fr /temps/4IF19
/.html 200 http:// intranet-if.insa-lyon.fr /temps/precedent.gif
/.html 200 http:// intranet-if.insa-lyon.fr /temps/3IF42
/temps/3IF11.ico 200 http:// intranet-if.insa-lyon.fr /temps/3IF3
/notesif.html 200 http:// intranet-if.insa-lyon.fr /temps/3IF22
/temps/3IF44.php 200 http:// intranet-if.insa-lyon.fr /temps/4IF16.html/
/temps/3IF4.poulet 200 http:// intranet-if.insa-lyon.fr /temps/3IF37
/temps/3IF10.html 200 http:// intranet-if.insa-lyon.fr /temps/3IF37
/temps/3IF19.css 200 http:// intranet-if.insa-lyon.fr /temps/3IF20
/SiteWebIF/Intranet-etudiant.phpticketlNEzic9e5btb4JQ1Nw-dsi-vm03.poulet 200 http:// intranet-if.insa-lyon.fr /temps/3IF38
/stages/InsaIF.ico.ico 200 http:// intranet-if.insa-lyon.fr /temps/3IF50
/temps/3IF42.php 200 http:// intranet-if.insa-lyon.fr /temps/3IF10
/temps/3IF38.js 200 http:// intranet-if.insa-lyon.fr /SiteWebIF/Intranet-etudiant.php
/SiteWebIF/Intranet-etudiant.phpticket=ST-341682-RjfRTgziibddmotBJFlo-dsi-vm03.css 200 http:// intranet-if.insa-lyon.fr /stages/style_pfe.css
/temps/3IF7.php 200 http:// intranet-if.insa-lyon.fr /notesif
/temps/.jpg 200 http:// intranet-if.insa-lyon.fr /temps/3IF10
/temps/3IF22.js 200 http:// intranet-if.insa-lyon.fr /notesif/
/temps/3IF37.ico 200 http:// intranet-if.insa-lyon.fr /stages/Listestage.php
/.ico 200 http:// intranet-if.insa-lyon.fr /temps/4IF3.ics
/temps/precedent.gif.php 200 http:// intranet-if.insa-lyon.fr /temps/3IF4
/temps/3IF42.html 200 http:// intranet-if.insa-lyon.fr /temps/3IF8
/temps/3IF48.php 200 http:// intranet-if.insa-lyon.fr /temps/choix.gif
/temps/3IF16.php 200 http:// intranet-if.insa-lyon.fr /temps/3IF16
/temps/3IF20.css 200 http:// intranet-if.insa-lyon.fr /temps/4IF17
/temps/3IF41.css 200 http:// intranet-if.insa-lyon.fr /temps/
/temps/3IF40.css 200 http:// intranet-if.insa-lyon.fr /temps/
/temps/3IF51.jpg 200 http:// intranet-if.insa-lyon.fr /temps/3IF37
/stages/InsaIF.ico.html 200 http:// intranet-if.insa-lyon.fr /temps/3IF37
/temps/3IF41.poulet 200 http:// intranet-if.insa-lyon.fr /temps/4IF16.html/
/temps/.ico 200 http:// intranet-if.insa-lyon.fr /temps/3IF1.ics
/temps/3IF43.html 200 http:// intranet-if.insa-lyon.fr /temps/3IF12
/temps/style_emploi_du_temps.css.js 200 http:// intranet-if.insa-lyon.fr /temps/3IF15
/temps/3IF6.html 200 http:// intranet-if.insa-lyon.fr /temps/3IF37
/temps/.poulet 200 http:// intranet-if.insa-lyon.fr /temps/3IF40
/stages/Listestage.php.html 200 http:// intranet-if.insa-lyon.fr /temps/3IF2
/temps/style_emploi_du_temps.css.js 200 http:// intranet-if.insa-lyon.fr /temps/3IF21
/temps/InsaIF.ico.php 200 http:// intranet-if.insa-lyon.fr /temps/4IF19
/temps/3IF1.css 200 http:// intranet-if.insa-lyon.fr /temps/FondInsa.jpg
/temps/suivant.gif.php 200 http:// intranet-if.insa-lyon.fr /temps/index
/stages/InsaIF.ico.css 200 http:// intranet-if.insa-lyon.fr /temps/3IF39
/temps/3IF7.jpg 200 http:// intranet-if.insa-lyon.fr /SiteWebIF/Intranet-etudiant.php
/SiteWebIF/Intranet-etudiant.phpticket=ST-341682-RjfRTgziibddmotBJFlo-dsi-vm03.ico 200 http:// intranet-if.insa-lyon.fr /temps/3IF21
/temps/precedent.gif.php 200 http:// intranet-if.insa-lyon.fr /SiteWebIF/Intranet-etudiant.phpticket=ST-18983-qoy9blUTrJiM4PYIhncG-dsi-vm04
/favicon.ico.html 200 http:// intranet-if.insa-lyon.fr /temps/4IF18
/temps/3IF43.php 200 http:// intranet-if.insa-lyon.fr /temps/InsaIF.ico
/temps/3IF43.html 200 http:// intranet-if.insa-lyon.fr /temps/FondInsa.jpg
/notesif.html 200 http:// intranet-if.insa-lyon.fr /temps/choix.gif
/temps/4IF19.html 200 http:// intranet-if.insa-lyon.fr /
/temps/3IF42.ico 200 http:// intranet-if.insa-lyon.fr /temps/4IF19
/temps/3IF37.jpg 200 http:// intranet-if.insa-lyon.fr /temps/3IF39
/temps/3IF38.poulet 200 http:// intranet-if.insa-lyon.fr /notesif
/stages/InsaIF.ico.ico 200 http:// intranet-if.insa-lyon.fr /temps/3IF11
/SiteWebIF/Intranet-etudiant.phpticket=ST-18983-qoy9blUTrJiM4PYIhncG-dsi-vm04.poulet 200 http:// intranet-if.insa-lyon.fr /temps/MK.ics
/favicon.ico.ico 200 http:// intranet-if.insa-lyon.fr /stages/FondInsa.jpg
/temps/FondInsa.jpg.php 200 http:// intranet-if.insa-lyon.fr /temps/3IF9
/temps/3IF20.php 200 http:// intranet-if.insa-lyon.fr /temps/suivant.gif
/SiteWebIF/Intranet-etudiant.php.html 200 http:// intranet-if.insa-lyon.fr /SiteWebIF/Intranet-etudiant.php
/SiteWebIF/Intranet-etudiant.phpticket=ST-341682-RjfRTgziibddmotBJFlo-dsi-vm03.php 200 http:// intranet-if.insa-lyon.fr /temps/3IF46
/temps/3IF8.html 200 http:// intranet-if.insa-lyon.fr /temps/3IF52
/temps/3IF39.html 200 http:// intranet-if.insa-lyon.fr /temps/InsaIF.ico
/temps/4IF3.ics.jpg 200 http:// intranet-if.insa-lyon.fr /temps/3IF38
/temps/3IF42.php 200 http:// intranet-if.insa-lyon.fr /stages/InsaIF.ico
/temps/3IF1.html 200 http:// intranet-if.insa-lyon.fr /temps/3IF1
/temps/3IF47.php 200 http:// intranet-if.insa-lyon.fr /temps/3IF7
/temps/3IF4.html 200 http:// intranet-if.insa-lyon.fr /temps/3IF17
/temps/3IF13.html 200 http:// intranet-if.insa-lyon.fr /temps/3IF20
/temps/FondInsa.jpg.css 200 http:// intranet-if.insa-lyon.fr /stages/ListePFE.php
/stages/style_pfe.css.ico 200 http:// intranet-if.insa-lyon.fr /SiteWebIF/Intranet-etudiant.php
/temps/3IF39.html 200 http:// intranet-if.insa-lyon.fr /temps/4IF19
/temps/3IF52.css 200 http:// intranet-if.insa-lyon.fr /SiteWebIF/Intranet-etudiant.php
/temps/3IF19.jpg 200 http:// intranet-if.insa-lyon.fr /temps/style_emploi_du_temps.css
/favicon.ico.jpg 200 http:// intranet-if.insa-lyon.fr /temps/precedent.gif
/.html 200 http:// intranet-if.insa-lyon.fr /SiteWebIF/Intranet-etudiant.php
/temps/4IF3.ics.css 200 http:// intranet-if.insa-lyon.fr /notesif/RSS/RSS_3IF.xml
/temps/3IF40.poulet 200 http:// intranet-if.insa-lyon.fr /temps/3IF47
/SiteWebIF/Intranet-etudiant.php.js 200 http:// intranet-if.insa-lyon.fr /temps/4IF3.ics
/temps/4IF17.poulet 200 http:// intranet-if.insa-lyon.fr /temps/3IF9
/temps/3IF16.poulet 200 http:// intranet-if.insa-lyon.fr /temps/index
/SiteWebIF/Intranet-etudiant.php.poulet 200 http:// intranet-if.insa-lyon.fr /temps/3IF37
/temps/3IF49.html 200 http:// intranet-if.insa-lyon.fr /temps/suivant.gif
/stages/FondInsa.jpg.js 200 http:// intranet-if.insa-lyon.fr /temps/3IF46
/cas/themes/insa/media/favicon.ico.php 200 http:// intranet-if.insa-lyon.fr /notesif
/notesif.css 200 http:// intranet-if.insa-lyon.fr /notesif/
/SiteWebIF/Intranet-etudiant.php.poulet 200 http:// intranet-if.insa-lyon.fr /temps/3IF46
/temps/choix.gif.css 200 http:// intranet-if.insa-lyon.fr /temps/3IF39
/SiteWebIF/Intranet-etudiant.php.html 200 http:// intranet-if.insa-lyon.fr /SiteWebIF/Intranet-etudiant.php
/temps/3IF8.css 200 http:// intranet-if.insa-lyon.fr /temps/MK.ics
/temps/3IF38.js 200 http:// intranet-if.insa-lyon.fr /SiteWebIF/Intranet-etudiant.phpticket=ST-341682-RjfRTgziibddmotBJFlo-dsi-vm03
/temps/3IF1.jpg 200 http:// intranet-if.insa-lyon.fr /temps/4IF18
/temps/4IF18.css 200 http:// intranet-if.insa-lyon.fr /favicon.ico
/SiteWebIF/Intranet-etudiant.php.jpg 200 http:// intranet-if.insa-lyon.fr /temps/InsaIF.ico
/favicon.ico.css 200 http:// intranet-if.insa-lyon.fr /temps/choix.gif
/temps/style_emploi_du_temps.css.html 200 http:// intranet-if.insa-lyon.fr /
/temps/3IF37.css 200 http:// intranet-if.insa-lyon.fr /notesif
/stages/ListePFE.php.php 200 http:// intranet-if.insa-lyon.fr /temps/3IF4
/temps/3IF42.html 200 http:// intranet-if.insa-lyon.fr /
/temps/4IF16.html/.poulet 200 http:// intranet-if.insa-lyon.fr /temps/style_emploi_du_temps.css
/SiteWebIF/Intranet-etudiant.php.php 200 http:// intranet-if.insa-lyon.fr /temps/3IF13
/temps/3IF8.html 200 http:// intranet-if.insa-lyon.fr /temps/3IF14
/temps/3IF52.html 200 http:// intranet-if.insa-lyon.fr /temps/suivant.gif
/temps/3IF8.html 200 http:// intranet-if.insa-lyon.fr /favicon.ico
/temps/InsaIF.ico.ico 200 http:// intranet-if.insa-lyon.fr /temps/3IF2
/temps/3IF47.html 200 http:// intranet-if.insa-lyon.fr /temps/3IF14
/temps/3IF6.php 200 http:// intranet-if.insa-lyon.fr /temps/3IF1.ics
/SiteWebIF/Intranet-etudiant.php.css 200 http:// intranet-if.insa-lyon.fr /temps/3IF38
/temps/4IF16.html/.css 200 http:// intranet-if.insa-lyon.fr /SiteWebIF/Intranet-etudiant.php
/temps/3IF49.html 200 http:// intranet-if.insa-lyon.fr /SiteWebIF/Intranet-etudiant.phpticketlNEzic9e5btb4JQ1Nw-dsi-vm03
/temps/3IF37.js 200 http:// intranet-if.insa-lyon.fr /temps/3IF3
/temps/InsaIF.ico.poulet 200 http:// intranet-if.insa-lyon.fr /temps/3IF15
/temps/3IF18.js 200 http:// intranet-if.insa-lyon.fr /temps/3IF7
/temps/3IF21.jpg 200 http:// intranet-if.insa-lyon.fr /stages/ListePFE.php
/temps/precedent.gif.html 200 http:// intranet-if.insa-lyon.fr /temps/3IF38
/temps/3IF41.html 200 http:// intranet-if.insa-lyon.fr /temps/3IF40
/stages/ListePFE.php.ico 200 http:// intranet-if.insa-lyon.fr /temps/3IF45
/temps/precedent.gif.js 200 http:// intranet-if.insa-lyon.fr /stages/FondInsa.jpg
/temps/InsaIF.ico.css 200 http:// intranet-if.insa-lyon.fr /stages/bandeauFinal.jpg
/temps/3IF17.php 200 http:// intranet-if.insa-lyon.fr /notesif/RSS/RSS_4IF.xml
/temps/3IF39.html 200 http:// intranet-if.insa-lyon.fr /temps/3IF18
/temps/InsaIF.ico.ico 200 http:// intranet-if.insa-lyon.fr /notesif
/temps/MK.ics.js 200 http:// intranet-if.insa-lyon.fr /notesif/RSS/RSS_3IF.xml
/temps/3IF4.js 200 http:// intranet-if.insa-lyon.fr /notesif/
/.php 200 http:// intranet-if.insa-lyon.fr /temps/4IF17
/SiteWebIF/Intranet-etudiant.phpticket=ST-18983-qoy9blUTrJiM4PYIhncG-dsi-vm04.php 200 http:// intranet-if.insa-lyon.fr /temps/style_emploi_du_temps.css
/notesif/.js 200 http:// intranet-if.insa-lyon.fr /temps/3IF39
/temps/suivant.gif.css 200 http:// intranet-if.insa-lyon.fr /temps/3IF3
/temps/3IF19.js 200 http:// intranet-if.insa-lyon.fr /temps/3IF16
/temps/3IF47.poulet 200 http:// intranet-if.insa-lyon.fr /temps/precedent.gif
/temps/InsaIF.ico.php 200 http:// intranet-if.insa-lyon.fr /temps/3IF41
/temps/3IF42.php 200 http:// intranet-if.insa-lyon.fr /stages/FondInsa.jpg
/temps/3IF7.poulet 200 http:// intranet-if.insa-lyon.fr /SiteWebIF/Intranet-etudiant.php
/favicon.ico.ico 200 http:// intranet-if.insa-lyon.fr /notesif/
/notesif/RSS/RSS_4IF.xml.css 200 http:// intranet-if.insa-lyon.fr /temps/3IF1.ics
/temps/index.jpg 200 http:// intranet-if.insa-lyon.fr /temps/InsaIF.ico
/temps/3IF3.jpg 200 http:// intranet-if.insa-lyon.fr /notesif
/temps/4IF17.php 200 http:// intranet-if.insa-lyon.fr /favicon.ico
/temps/3IF42.ico 200 http:// intranet-if.insa-lyon.fr /temps/precedent.gif
/notesif/RSS/RSS_3IF.xml.php 200 http:// intranet-if.insa-lyon.fr /stages/InsaIF.ico
/notesif.js 200 http:// intranet-if.insa-lyon.fr /temps/3IF11
/notesif/RSS/RSS_3IF.xml.html 200 http:// intranet-if.insa-lyon.fr /cas/themes/insa/media/favicon.ico
/temps/suivant.gif.html 200 http:// intranet-if.insa-lyon.fr /SiteWebIF/Intranet-etudiant.php
/temps/suivant.gif.html 200 http:// intranet-if.insa-lyon.fr /temps/FondInsa.jpg
/temps/3IF3.php 200 http:// intranet-if.insa-lyon.fr /temps/precedent.gif
/temps/3IF51.poulet 200 http:// intranet-if.insa-lyon.fr /temps/3IF49
/temps/3IF9.js 200 http:// intranet-if.insa-lyon.fr /temps/3IF50
/SiteWebIF/Intranet-etudiant.phpticketlNEzic9e5btb4JQ1Nw-dsi-vm03.jpg 200 http:// intranet-if.insa-lyon.fr /temps/style_emploi_du_temps.css
/temps/FondInsa.jpg.jpg 200 http:// intranet-if.insa-lyon.fr /temps/InsaIF.ico
/stages/FondInsa.jpg.jpg 200 http:// intranet-if.insa-lyon.fr /temps/3IF38
/temps/3IF44.js 200 http:// intranet-if.insa-lyon.fr /temps/3IF45
/temps/3IF38.poulet 200 http:// intranet-if.insa-lyon.fr /stages/bandeauFinal.jpg
/stages/style_pfe.css.html 200 http:// intranet-if.insa-lyon.fr /temps/3IF3
/temps/3IF21.js 200 http:// intranet-if.insa-lyon.fr /temps/3IF19
/temps/3IF13.php 200 http:// intranet-if.insa-lyon.fr /temps/4IF17
/temps/3IF1.poulet 200 http:// intranet-if.insa-lyon.fr /temps/3IF37
/temps/3IF8.html 200 http:// intranet-if.insa-lyon.fr /SiteWebIF/Intranet-etudiant.php
/temps/3IF21.php 200 http:// intranet-if.insa-lyon.fr /favicon.ico
/SiteWebIF/Intranet-etudiant.phpticket=ST-341682-RjfRTgziibddmotBJFlo-dsi-vm03.php 200 http:// intranet-if.insa-lyon.fr /temps/choix.gif
/temps/precedent.gif.ico 200 http:// intranet-if.insa-lyon.fr /temps/3IF50
/stages/Listestage.php.php 200 http:// intranet-if.insa-lyon.fr /temps/3IF20
/temps/3IF4.jpg 200 http:// intranet-if.insa-lyon.fr /temps/3IF39
/temps/3IF48.html 200 http:// intranet-if.insa-lyon.fr /stages/Listestage.php
/SiteWebIF/Intranet-etudiant.php.poulet 200 http:// intranet-if.insa-lyon.fr /favicon.ico
/temps/4IF17.ico 200 http:// intranet-if.insa-lyon.fr /temps/3IF51
/temps/.ico 200 http:// intranet-if.insa-lyon.fr /temps/3IF16
/temps/3IF12.html 200 http:// intranet-if.insa-lyon.fr /temps/3IF22
/temps/3IF12.css 200 http:// intranet-if.insa-lyon.fr /temps/4IF20
/stages/style_pfe.css.html 200 http:// intranet-if.insa-lyon.fr /temps/FondInsa.jpg
/SiteWebIF/Intranet-etudiant.phpticketlNEzic9e5btb4JQ1Nw-dsi-vm03.css 200 http:// intranet-if.insa-lyon.fr /temps/3IF39
/temps/3IF49.php 200 http:// intranet-if.insa-lyon.fr /stages/bandeauFinal.jpg
/temps/3IF16.php 200 http:// intranet-if.insa-lyon.fr /temps/3IF51
/temps/4IF20.js 200 http:// intranet-if.insa-lyon.fr /temps/3IF1
/temps/precedent.gif.php 200 http:// intranet-if.insa-lyon.fr /notesif/RSS/RSS_4IF.xml
/temps/4IF19.html 200 http:// intranet-if.insa-lyon.fr /temps/3IF4
/temps/3IF37.poulet 200 http:// intranet-if.insa-lyon.fr /temps/precedent.gif
/temps/suivant.gif.php 200 http:// intranet-if.insa-lyon.fr /temps/3IF47
/stages/FondInsa.jpg.html 200 http:// intranet-if.insa-lyon.fr /temps/3IF1
/cas/themes/insa/media/favicon.ico.php 200 http:// intranet-if.insa-lyon.fr /temps/3IF14
/temps/3IF4.js 200 http:// intranet-if.insa-lyon.fr /notesif/RSS/RSS_3IF.xml
/temps/choix.gif.html 200 http:// intranet-if.insa-lyon.fr /temps/3IF37
/favicon.ico.ico 200 http:// intranet-if.insa-lyon.fr /
/temps/4IF18.js 200 http:// intranet-if.insa-lyon.fr /notesif/RSS/RSS_4IF.xml
/SiteWebIF/Intranet-etudiant.php.php 200 http:// intranet-if.insa-lyon.fr /temps/3IF5
/temps/precedent.gif.php 200 http:// intranet-if.insa-lyon.fr /temps/precedent.gif
/temps/3IF20.jpg 200 http:// intranet-if.insa-lyon.fr /SiteWebIF/Intranet-etudiant.phpticketlNEzic9e5btb4JQ1Nw-dsi-vm03
/temps/InsaIF.ico.php 200 http:// intranet-if.insa-lyon.fr /stages/style_pfe.css
/temps/3IF12.php 200 http:// intranet-if.insa-lyon.fr /notesif/RSS/RSS_4IF.xml
/temps/3IF48.php 200 http:// intranet-if.insa-lyon.fr /temps/3IF7
/temps/suivant.gif.jpg 200 http:// intranet-if.insa-lyon.fr /temps/3IF41
/temps/3IF5.css 200 http:// intranet-if.insa-lyon.fr /notesif/
/temps/InsaIF.ico.html 200 http:// intranet-if.insa-lyon.fr /temps/3IF11
/temps/3IF22.php 200 http:// intranet-if.insa-lyon.fr /SiteWebIF/Intranet-etudiant.php
/notesif/.html 200 http:// intranet-if.insa-lyon.fr /temps/
/temps/InsaIF.ico.jpg 200 http:// intranet-if.insa-lyon.fr /temps/3IF43
/temps/style_emploi_du_temps.css.html 200 http:// intranet-if.insa-lyon.fr /temps/3IF48
/temps/3IF51.php 200 http:// intranet-if.insa-lyon.fr /temps/3IF10
/cas/themes/insa/media/favicon.ico.poulet 200 http:// intranet-if.insa-lyon.fr /temps/3IF14
/temps/.ico 200 http:// intranet-if.insa-lyon.fr /temps/3IF41
/temps/3IF1.poulet 200 http:// intranet-if.insa-lyon.fr /temps/3IF38
/SiteWebIF/Intranet-etudiant.phpticket=ST-18983-qoy9blUTrJiM4PYIhncG-dsi-vm04.css 200 http:// intranet-if.insa-lyon.fr /temps/InsaIF.ico
/temps/3IF1.poulet 200 http:// intranet-if.insa-lyon.fr /temps/3IF39
/favicon.ico.jpg 200 http:// intranet-if.insa-lyon.fr /SiteWebIF/Intranet-etudiant.phpticket=ST-341682-RjfRTgziibddmotBJFlo-dsi-vm03
/.php 200 http:// intranet-if.insa-lyon.fr /temps/3IF8
/temps/3IF48.php 200 http:// intranet-if.insa-lyon.fr /temps/3IF21
/temps/3IF7.ico 200 http:// intranet-if.insa-lyon.fr /temps/FondInsa.jpg
/favicon.ico.php 200 http:// intranet-if.insa-lyon.fr /temps/choix.gif
/notesif/.html 200 http:// intranet-if.insa-lyon.fr /temps/choix.gif
/temps/MK.ics.js 200 http:// intranet-if.insa-lyon.fr /temps/suivant.gif
/temps/3IF37.html 200 http:// intranet-if.insa-lyon.fr /temps/3IF45
/favicon.ico.html 200 http:// intranet-if.insa-lyon.fr /temps/3IF39
/temps/InsaIF.ico.css 200 http:// intranet-if.insa-lyon.fr /temps/3IF15
/temps/3IF39.php 200 http:// intranet-if.insa-lyon.fr /temps/3IF22
/SiteWebIF/Intranet-etudiant.php.poulet 200 http:// intranet-if.insa-lyon.fr /temps/
/SiteWebIF/Intranet-etudiant.phpticket=ST-18983-qoy9blUTrJiM4PYIhncG-dsi-vm04.php 200 http:// intranet-if.insa-lyon.fr /temps/precedent.gif
/temps/style_emploi_du_temps.css.ico 200 http:// intranet-if.insa-lyon.fr /temps/choix.gif
/temps/3IF18.js 200 http:// intranet-if.insa-lyon.fr /temps/3IF44
/SiteWebIF/Intranet-etudiant.php.poulet 200 http:// intranet-if.insa-lyon.fr /stages/InsaIF.ico
/temps/3IF38.poulet 200 http:// intranet-if.insa-lyon.fr /temps/3IF4
/temps/index.php 200 http:// intranet-if.insa-lyon.fr /temps/3IF17
/temps/3IF13.js 200 http:// intranet-if.insa-lyon.fr /SiteWebIF/Intranet-etudiant.php
/stages/InsaIF.ico.poulet 200 http:// intranet-if.insa-lyon.fr /SiteWebIF/Intranet-etudiant.phpticketlNEzic9e5btb4JQ1Nw-dsi-vm03
/temps/3IF45.html 200 http:// intranet-if.insa-lyon.fr /SiteWebIF/Intranet-etudiant.php
/.html 200 http:// intranet-if.insa-lyon.fr /temps/4IF3.ics
/temps/3IF44.html 200 http:// intranet-if.insa-lyon.fr /
/SiteWebIF/Intranet-etudiant.phpticketlNEzic9e5btb4JQ1Nw-dsi-vm03.js 200 http:// intranet-if.insa-lyon.fr /temps/precedent.gif
/temps/InsaIF.ico.php 200 http:// intranet-if.insa-lyon.fr /temps/3IF1
/SiteWebIF/Intranet-etudiant.php.poulet 200 http:// intranet-if.insa-lyon.fr /temps/suivant.gif
/temps/3IF1.css 200 http:// intranet-if.insa-lyon.fr /favicon.ico
/temps/3IF52.js 200 http:// intranet-if.insa-lyon.fr /temps/3IF40
/temps/3IF17.poulet 200 http:// intranet-if.insa-lyon.fr /favicon.ico
/temps/3IF20.ico 200 http:// intranet-if.insa-lyon.fr /stages/style_pfe.css
/stages/FondInsa.jpg.html 200 http:// intranet-if.insa-lyon.fr /temps/3IF49
/temps/3IF39.php 200 http:// intranet-if.insa-lyon.fr /temps/3IF10
/SiteWebIF/Intranet-etudiant.phpticket=ST-341682-RjfRTgziibddmotBJFlo-dsi-vm03.php 200 http:// intranet-if.insa-lyon.fr /temps/3IF21
/temps/3IF50.ico 200 http:// intranet-if.insa-lyon.fr /temps/suivant.gif
/favicon.ico.php 200 http:// intranet-if.insa-lyon.fr /temps/3IF38
/temps/3IF3.php 200 http:// intranet-if.insa-lyon.fr /favicon.ico
/temps/4IF3.ics.ico 200 http:// intranet-if.insa-lyon.fr /temps/3IF47
/temps/3IF37.poulet 200 http:// intranet-if.insa-lyon.fr /temps/3IF38
/temps/4IF20.php 200 http:// intranet-if.insa-lyon.fr /temps/3IF39
/temps/3IF39.css 200 http:// intranet-if.insa-lyon.fr /temps/style_emploi_du_temps.css
/temps/3IF18.html 200 http:// intranet-if.insa-lyon.fr /SiteWebIF/Intranet-etudiant.php
/temps/3IF41.html 200 http:// intranet-if.insa-lyon.fr /temps/3IF17
/notesif/RSS/RSS_3IF.xml.jpg 200 http:// intranet-if.insa-lyon.fr /temps/choix.gif
/temps/3IF51.html 200 http:// intranet-if.insa-lyon.fr /temps/3IF39
/temps/4IF16.html/.poulet 200 http:// intranet-if.insa-lyon.fr /temps/3IF42
/temps/3IF17.poulet 200 http:// intranet-if.insa-lyon.fr /temps/3IF15
/temps/InsaIF.ico.html 200 http:// intranet-if.insa-lyon.fr /temps/4IF17
/favicon.ico.jpg 200 http:// intranet-if.insa-lyon.fr /temps/4IF20
/favicon.ico.jpg 200 http:// intranet-if.insa-lyon.fr /temps/precedent.gif
/temps/style_emploi_du_temps.css.js 200 http:// intranet-if.insa-lyon.fr /temps/index
/temps/3IF18.html 200 http:// intranet-if.insa-lyon.fr /temps/3IF43
/SiteWebIF/Intranet-etudiant.phpticket=ST-18983-qoy9blUTrJiM4PYIhncG-dsi-vm04.php 200 http:// intranet-if.insa-lyon.fr /temps/3IF4
/temps/3IF22.html 200 http:// intranet-if.insa-lyon.fr /temps/3IF8
/favicon.ico.css 200 http:// intranet-if.insa-lyon.fr /SiteWebIF/Intranet-etudiant.php
/temps/3IF4.poulet 200 http:// intranet-if.insa-lyon.fr /temps/
/temps/.html 200 http:// intranet-if.insa-lyon.fr /temps/3IF39
/SiteWebIF/Intranet-etudiant.phpticket=ST-18983-qoy9blUTrJiM4PYIhncG-dsi-vm04.poulet 200 http:// intranet-if.insa-lyon.fr /temps/3IF43
/stages/Listestage.php.html 200 http:// intranet-if.insa-lyon.fr /notesif
/temps/3IF39.html 200 http:// intranet-if.insa-lyon.fr /temps/3IF51
/notesif/.jpg 200 http:// intranet-if.insa-lyon.fr /temps/FondInsa.jpg
/temps/FondInsa.jpg.php 200 http:// intranet-if.insa-lyon.fr /temps/choix.gif
/notesif/RSS/RSS_4IF.xml.html 200 http:// intranet-if.insa-lyon.fr /favicon.ico
/notesif/.ico 200 http:// intranet-if.insa-lyon.fr /
/temps/suivant.gif.js 200 http:// intranet-if.insa-lyon.fr /favicon.ico
/temps/3IF41.jpg 200 http:// intranet-if.insa-lyon.fr /temps/3IF13
/stages/style_pfe.css.php 200 http:// intranet-if.insa-lyon.fr /temps/suivant.gif
/temps/suivant.gif.js 200 http:// intranet-if.insa-lyon.fr /favicon.ico
/favicon.ico.html 200 http:// intranet-if.insa-lyon.fr /SiteWebIF/Intranet-etudiant.phpticket=ST-341682-RjfRTgziibddmotBJFlo-dsi-vm03
/temps/choix.gif.php 200 http:// intranet-if.insa-lyon.fr /temps/3IF49
/temps/3IF39.poulet 200 http:// intranet-if.insa-lyon.fr /notesif/
/SiteWebIF/Intranet-etudiant.phpticket=ST-18983-qoy9blUTrJiM4PYIhncG-dsi-vm04.php 200 http:// intranet-if.insa-lyon.fr /temps/3IF38
/notesif/RSS/RSS_4IF.xml.php 200 http:// intranet-if.insa-lyon.fr /
/favicon.ico.html 200 http:// intranet-if.insa-lyon.fr /temps/3IF4
/temps/3IF38.html 200 http:// intranet-if.insa-lyon.fr /temps/3IF19
/temps/3IF22.css 200 http:// intranet-if.insa-lyon.fr /temps/InsaIF.ico
/SiteWebIF/Intranet-etudiant.phpticketlNEzic9e5btb4JQ1Nw-dsi-vm03.jpg 200 http:// intranet-if.insa-lyon.fr /temps/3IF38
/temps/4IF16.html/.jpg 200 http:// intranet-if.insa-lyon.fr /temps/3IF40
/temps/choix.gif.poulet 200 http:// intranet-if.insa-lyon.fr /temps/3IF43
/temps/precedent.gif.php 200 http:// intranet-if.insa-lyon.fr /temps/3IF1
/SiteWebIF/Intranet-etudiant.phpticketlNEzic9e5btb4JQ1Nw-dsi-vm03.poulet 200 http:// intranet-if.insa-lyon.fr /SiteWebIF/Intranet-etudiant.phpticketlNEzic9e5btb4JQ1Nw-dsi-vm03
/temps/3IF38.php 200 http:// intranet-if.insa-lyon.fr /SiteWebIF/Intranet-etudiant.php
/notesif.js 200 http:// intranet-if.insa-lyon.fr /temps/MK.ics
/temps/choix.gif.ico 200 http:// intranet-if.insa-lyon.fr /temps/3IF14
/temps/style_emploi_du_temps.css.html 200 http:// intranet-if.insa-lyon.fr /temps/3IF18
/temps/InsaIF.ico.html 200 http:// intranet-if.insa-lyon.fr /temps/
/temps/precedent.gif.html 200 http:// intranet-if.insa-lyon.fr /temps/FondInsa.jpg
/temps/3IF15.ico 200 http:// intranet-if.insa-lyon.fr /temps/4IF3.ics
/temps/4IF20.html 200 http:// intranet-if.insa-lyon.fr /temps/3IF3
/temps/3IF12.ico 200 http:// intranet-if.insa-lyon.fr /temps/choix.gif
/temps/suivant.gif.html 200 http:// intranet-if.insa-lyon.fr /stages/Listestage.php
/temps/style_emploi_du_temps.css.jpg 200 http:// intranet-if.insa-lyon.fr /temps/3IF39
/favicon.ico.poulet 200 http:// intranet-if.insa-lyon.fr /stages/FondInsa.jpg
/SiteWebIF/Intranet-etudiant.php.jpg 200 http:// intranet-if.insa-lyon.fr /temps/3IF46
/temps/4IF20.php 200 http:// intranet-if.insa-lyon.fr /temps/3IF48
/temps/3IF5.js 200 http:// intranet-if.insa-lyon.fr /temps/3IF51
/temps/3IF44.jpg 200 http:// intranet-if.insa-lyon.fr /temps/4IF16.html/
/SiteWebIF/Intranet-etudiant.php.jpg 200 http:// intranet-if.insa-lyon.fr /SiteWebIF/Intranet-etudiant.php
/SiteWebIF/Intranet-etudiant.php.js 200 http:// intranet-if.insa-lyon.fr /temps/3IF9
/temps/InsaIF.ico.php 200 http:// intranet-if.insa-lyon.fr /temps/choix.gif
/favicon.ico.poulet 200 http:// intranet-if.insa-lyon.fr /temps/precedent.gif
/temps/3IF39.jpg 200 http:// intranet-if.insa-lyon.fr /temps/3IF3
/temps/3IF39.php 200 http:// intranet-if.insa-lyon.fr /temps/3IF8
/temps/FondInsa.jpg.js 200 http:// intranet-if.insa-lyon.fr /temps/3IF12
/stages/FondInsa.jpg.js 200 http:// intranet-if.insa-lyon.fr /temps/3IF15
/temps/3IF39.jpg 200 http:// intranet-if.insa-lyon.fr /SiteWebIF/Intranet-etudiant.php
/temps/3IF40.css 200 http:// intranet-if.insa-lyon.fr /temps/style_emploi_du_temps.css
/stages/InsaIF.ico.css 200 http:// intranet-if.insa-lyon.fr /temps/InsaIF.ico
/stages/ListePFE.php.css 200 http:// intranet-if.insa-lyon.fr /favicon.ico
/temps/3IF44.php 200 http:// intranet-if.insa-lyon.fr /temps/3IF4
/temps/3IF42.php 200 http:// intranet-if.insa-lyon.fr /SiteWebIF/Intranet-etudiant.phpticket=ST-18983-qoy9blUTrJiM4PYIhncG-dsi-vm04
/temps/.jpg 200 http:// intranet-if.insa-lyon.fr /temps/4IF17
/temps/3IF22.jpg 200 http:// intranet-if.insa-lyon.fr /stages/Listestage.php
/SiteWebIF/Intranet-etudiant.php.js 200 http:// intranet-if.insa-lyon.fr /SiteWebIF/Intranet-etudiant.phpticket=ST-341682-RjfRTgziibddmotBJFlo-dsi-vm03
/stages/FondInsa.jpg.poulet 200 http:// intranet-if.insa-lyon.fr /temps/3IF13
/stages/InsaIF.ico.php 200 http:// intranet-if.insa-lyon.fr /temps/3IF17
/stages/bandeauFinal.jpg.html 200 http:// intranet-if.insa-lyon.fr /temps/3IF11
/temps/3IF1.jpg 200 http:// intranet-if.insa-lyon.fr /temps/3IF22
/temps/4IF17.ico 200 http:// intranet-if.insa-lyon.fr /notesif/
/temps/precedent.gif.poulet 200 http:// intranet-if.insa-lyon.fr /cas/themes/insa/media/favicon.ico
/temps/3IF50.html 200 http:// intranet-if.insa-lyon.fr /temps/3IF48
/favicon.ico.html 200 http:// intranet-if.insa-lyon.fr /temps/3IF51
/temps/3IF7.html 200 http:// intranet-if.insa-lyon.fr /temps/4IF19
/temps/3IF49.html 200 http:// intranet-if.insa-lyon.fr /temps/InsaIF.ico
/temps/3IF7.html 200 http:// intranet-if.insa-lyon.fr /temps/3IF1.ics
/temps/MK.ics.js 200 http:// intranet-if.insa-lyon.fr /temps/3IF2
/temps/3IF46.poulet 200 http:// intranet-if.insa-lyon.fr /temps/3IF5
/temps/3IF50.css 200 http:// intranet-if.insa-lyon.fr /SiteWebIF/Intranet-etudiant.php
/temps/3IF50.html 200 http:// intranet-if.insa-lyon.fr /temps/3IF51
/temps/3IF39.jpg 200 http:// intranet-if.insa-lyon.fr /temps/3IF13
/favicon.ico.html 200 http:// intranet-if.insa-lyon.fr /notesif
