/DTLRTNUWFH.html (4981 hits)
/WFGWLMOXFN.html (4971 hits)
/EVSNECBYTS.html (4873 hits)
/NXNZCDDRMM.html (4623 hits)
/MOAGFSLSYG.html (4582 hits)
/IFIIJOTRQX.html (4570 hits)
/ZHMEPDPJJN.html (4564 hits)
/YCURRFMGUV.html (4531 hits)
/WVZDGLHBDU.html (4351 hits)
/MQFHRKTFYZ.html (4329 hits)
