/EIYGNTQJAC.html (4811 hits)
/KGAXUPIUAP.html (3358 hits)
/JXIBKETLFX.html (709 hits)
/HJBEUKWHMX.html (289 hits)
/ADMNOLALGK.html (181 hits)
