/temps/3IF49.php 200 http:// intranet-if.insa-lyon.fr /notesif/
/temps/3IF39.css 200 http:// intranet-if.insa-lyon.fr /temps/3IF13
/temps/3IF39.poulet 200 http:// intranet-if.insa-lyon.fr /temps/3IF37
/temps/FondInsa.jpg.php 200 http:// intranet-if.insa-lyon.fr /
/temps/3IF19.css 200 http:// intranet-if.insa-lyon.fr /temps/3IF4
/temps/3IF37.php 200 http:// intranet-if.insa-lyon.fr /SiteWebIF/Intranet-etudiant.php
/temps/4IF19.poulet 200 http:// intranet-if.insa-lyon.fr /SiteWebIF/Intranet-etudiant.php
/temps/3IF13.php 200 http:// intranet-if.insa-lyon.fr /stages/Listestage.php
/temps/3IF21.html 200 http:// intranet-if.insa-lyon.fr /
/temps/3IF3.html 200 http:// intranet-if.insa-lyon.fr /temps/3IF45
/favicon.ico.jpg 200 http:// intranet-if.insa-lyon.fr /temps/3IF4
/temps/3IF14.php 200 http:// intranet-if.insa-lyon.fr /temps/3IF7
/notesif.poulet 200 http:// intranet-if.insa-lyon.fr /temps/3IF11
/temps/3IF7.ico 200 http:// intranet-if.insa-lyon.fr /temps/suivant.gif
/temps/FondInsa.jpg.html 200 http:// intranet-if.insa-lyon.fr /
/temps/precedent.gif.html 200 http:// intranet-if.insa-lyon.fr /temps/3IF3
/.poulet 200 http:// intranet-if.insa-lyon.fr /temps/3IF6
/temps/3IF45.jpg 200 http:// intranet-if.insa-lyon.fr /temps/3IF21
/temps/4IF16.html/.php 200 http:// intranet-if.insa-lyon.fr /temps/3IF22
/temps/3IF52.poulet 200 http:// intranet-if.insa-lyon.fr /temps/FondInsa.jpg
/temps/3IF40.js 200 http:// intranet-if.insa-lyon.fr /SiteWebIF/Intranet-etudiant.php
/temps/3IF13.jpg 200 http:// intranet-if.insa-lyon.fr /temps/style_emploi_du_temps.css
/temps/3IF52.php 200 http:// intranet-if.insa-lyon.fr /temps/3IF37
/temps/FondInsa.jpg.php 200 http:// intranet-if.insa-lyon.fr /temps/3IF37
/temps/3IF1.ics.poulet 200 http:// intranet-if.insa-lyon.fr /temps/
/temps/3IF10.ico 200 http:// intranet-if.insa-lyon.fr /temps/suivant.gif
/notesif/.jpg 200 http:// intranet-if.insa-lyon.fr /temps/3IF18
/temps/3IF50.poulet 200 http:// intranet-if.insa-lyon.fr /temps/3IF39
/temps/3IF8.js 200 http:// intranet-if.insa-lyon.fr /temps/3IF46
/stages/bandeauFinal.jpg.css 200 http:// intranet-if.insa-lyon.fr /
/temps/3IF38.html 200 http:// intranet-if.insa-lyon.fr /stages/FondInsa.jpg
/SiteWebIF/Intranet-etudiant.php.php 200 http:// intranet-if.insa-lyon.fr /temps/3IF46
/temps/precedent.gif.html 200 http:// intranet-if.insa-lyon.fr /temps/3IF13
/temps/3IF37.css 200 http:// intranet-if.insa-lyon.fr /temps/3IF14
/temps/3IF52.css 200 http:// intranet-if.insa-lyon.fr /notesif/
/temps/3IF1.php 200 http:// intranet-if.insa-lyon.fr /temps/3IF18
/SiteWebIF/Intranet-etudiant.php.html 200 http:// intranet-if.insa-lyon.fr /temps/InsaIF.ico
/temps/3IF9.poulet 200 http:// intranet-if.insa-lyon.fr /temps/
/temps/3IF37.poulet 200 http:// intranet-if.insa-lyon.fr /temps/3IF41
/temps/3IF46.ico 200 http:// intranet-if.insa-lyon.fr /temps/3IF2
/temps/precedent.gif.poulet 200 http:// intranet-if.insa-lyon.fr /temps/3IF22
/stages/FondInsa.jpg.php 200 http:// intranet-if.insa-lyon.fr /stages/ListePFE.php
/temps/3IF1.css 200 http:// intranet-if.insa-lyon.fr /temps/MK.ics
/temps/4IF3.ics.php 200 http:// intranet-if.insa-lyon.fr /temps/3IF50
/SiteWebIF/Intranet-etudiant.php.ico 200 http:// intranet-if.insa-lyon.fr /temps/style_emploi_du_temps.css
/temps/InsaIF.ico.css 200 http:// intranet-if.insa-lyon.fr /temps/3IF38
/temps/3IF11.php 200 http:// intranet-if.insa-lyon.fr /temps/3IF42
/temps/3IF44.js 200 http:// intranet-if.insa-lyon.fr /temps/3IF7
/temps/3IF37.poulet 200 http:// intranet-if.insa-lyon.fr /SiteWebIF/Intranet-etudiant.php
/.poulet 200 http:// intranet-if.insa-lyon.fr /temps/3IF9
/temps/precedent.gif.poulet 200 http:// intranet-if.insa-lyon.fr /temps/3IF12
/temps/precedent.gif.php 200 http:// intranet-if.insa-lyon.fr /temps/3IF14
/temps/3IF13.html 200 http:// intranet-if.insa-lyon.fr /temps/3IF22
/temps/suivant.gif.js 200 http:// intranet-if.insa-lyon.fr /notesif/
/temps/precedent.gif.js 200 http:// intranet-if.insa-lyon.fr /temps/4IF16.html/
/temps/3IF51.html 200 http:// intranet-if.insa-lyon.fr /temps/3IF37
/temps/3IF6.css 200 http:// intranet-if.insa-lyon.fr /stages/bandeauFinal.jpg
/notesif/RSS/RSS_4IF.xml.html 200 http:// intranet-if.insa-lyon.fr /temps/3IF37
/temps/3IF20.html 200 http:// intranet-if.insa-lyon.fr /temps/3IF38
/favicon.ico.ico 200 http:// intranet-if.insa-lyon.fr /temps/3IF41
/temps/3IF38.html 200 http:// intranet-if.insa-lyon.fr /temps/3IF45
/stages/ListePFE.php.html 200 http:// intranet-if.insa-lyon.fr /temps/3IF49
/temps/3IF5.css 200 http:// intranet-if.insa-lyon.fr /temps/3IF5
/temps/3IF39.css 200 http:// intranet-if.insa-lyon.fr /temps/InsaIF.ico
/temps/3IF6.ico 200 http:// intranet-if.insa-lyon.fr /temps/3IF37
/temps/3IF2.html 200 http:// intranet-if.insa-lyon.fr /temps/4IF18
/favicon.ico.php 200 http:// intranet-if.insa-lyon.fr /temps/style_emploi_du_temps.css
/temps/3IF13.html 200 http:// intranet-if.insa-lyon.fr /stages/style_pfe.css
/stages/FondInsa.jpg.ico 200 http:// intranet-if.insa-lyon.fr /temps/3IF50
/temps/3IF40.html 200 http:// intranet-if.insa-lyon.fr /temps/3IF8
/temps/suivant.gif.poulet 200 http:// intranet-if.insa-lyon.fr /temps/style_emploi_du_temps.css
/temps/3IF2.poulet 200 http:// intranet-if.insa-lyon.fr /temps/3IF37
/temps/3IF38.poulet 200 http:// intranet-if.insa-lyon.fr /favicon.ico
/temps/InsaIF.ico.html 200 http:// intranet-if.insa-lyon.fr /SiteWebIF/Intranet-etudiant.phpticket=ST-341682-RjfRTgziibddmotBJFlo-dsi-vm03
/temps/index.js 200 http:// intranet-if.insa-lyon.fr /temps/3IF4
/temps/3IF19.js 200 http:// intranet-if.insa-lyon.fr /temps/3IF10
/SiteWebIF/Intranet-etudiant.php.css 200 http:// intranet-if.insa-lyon.fr /temps/4IF17
/SiteWebIF/Intranet-etudiant.phpticket=ST-341682-RjfRTgziibddmotBJFlo-dsi-vm03.ico 200 http:// intranet-if.insa-lyon.fr /temps/FondInsa.jpg
/temps/3IF51.ico 200 http:// intranet-if.insa-lyon.fr /temps/3IF37
/temps/style_emploi_du_temps.css.html 200 http:// intranet-if.insa-lyon.fr /temps/3IF41
/.php 200 http:// intranet-if.insa-lyon.fr /temps/3IF45
/stages/bandeauFinal.jpg.ico 200 http:// intranet-if.insa-lyon.fr /stages/InsaIF.ico
/temps/3IF15.jpg 200 http:// intranet-if.insa-lyon.fr /notesif
/temps/3IF50.poulet 200 http:// intranet-if.insa-lyon.fr /temps/3IF16
/temps/3IF8.poulet 200 http:// intranet-if.insa-lyon.fr /SiteWebIF/Intranet-etudiant.php
/SiteWebIF/Intranet-etudiant.php.php 200 http:// intranet-if.insa-lyon.fr /temps/suivant.gif
/temps/3IF39.html 200 http:// intranet-if.insa-lyon.fr /SiteWebIF/Intranet-etudiant.phpticketlNEzic9e5btb4JQ1Nw-dsi-vm03
/stages/InsaIF.ico.poulet 200 http:// intranet-if.insa-lyon.fr /temps/3IF17
/temps/4IF19.poulet 200 http:// intranet-if.insa-lyon.fr /SiteWebIF/Intranet-etudiant.php
/temps/InsaIF.ico.poulet 200 http:// intranet-if.insa-lyon.fr /temps/3IF1.ics
/temps/4IF17.poulet 200 http:// intranet-if.insa-lyon.fr /temps/3IF39
/temps/3IF52.ico 200 http:// intranet-if.insa-lyon.fr /temps/3IF41
/temps/choix.gif.js 200 http:// intranet-if.insa-lyon.fr /temps/3IF43
/temps/3IF22.poulet 200 http:// intranet-if.insa-lyon.fr /temps/MK.ics
/temps/style_emploi_du_temps.css.php 200 http:// intranet-if.insa-lyon.fr /temps/3IF20
/temps/3IF12.css 200 http:// intranet-if.insa-lyon.fr /SiteWebIF/Intranet-etudiant.php
/SiteWebIF/Intranet-etudiant.php.html 200 http:// intranet-if.insa-lyon.fr /temps/3IF38
/.html 200 http:// intranet-if.insa-lyon.fr /temps/3IF37
/temps/3IF38.php 200 http:// intranet-if.insa-lyon.fr /temps/3IF49
/favicon.ico.poulet 200 http:// intranet-if.insa-lyon.fr /temps/3IF11
/stages/Listestage.php.poulet 200 http:// intranet-if.insa-lyon.fr /
/temps/3IF49.poulet 200 http:// intranet-if.insa-lyon.fr /temps/precedent.gif
/temps/3IF45.html 200 http:// intranet-if.insa-lyon.fr /temps/3IF10
/SiteWebIF/Intranet-etudiant.phpticket=ST-341682-RjfRTgziibddmotBJFlo-dsi-vm03.jpg 200 http:// intranet-if.insa-lyon.fr /temps/3IF11
/cas/themes/insa/media/favicon.ico.php 200 http:// intranet-if.insa-lyon.fr /temps/3IF44
/SiteWebIF/Intranet-etudiant.php.ico 200 http:// intranet-if.insa-lyon.fr /temps/index
/temps/MK.ics.js 200 http:// intranet-if.insa-lyon.fr /temps/3IF40
/SiteWebIF/Intranet-etudiant.php.html 200 http:// intranet-if.insa-lyon.fr /temps/3IF52
/temps/3IF42.ico 200 http:// intranet-if.insa-lyon.fr /temps/3IF5
/notesif.php 200 http:// intranet-if.insa-lyon.fr /temps/3IF12
/stages/style_pfe.css.js 200 http:// intranet-if.insa-lyon.fr /temps/
/temps/3IF40.html 200 http:// intranet-if.insa-lyon.fr /temps/3IF41
/temps/3IF49.php 200 http:// intranet-if.insa-lyon.fr /temps/3IF42
/favicon.ico.poulet 200 http:// intranet-if.insa-lyon.fr /favicon.ico
/notesif/.php 200 http:// intranet-if.insa-lyon.fr /temps/3IF20
/notesif/.php 200 http:// intranet-if.insa-lyon.fr /temps/3IF41
/stages/InsaIF.ico.css 200 http:// intranet-if.insa-lyon.fr /temps/3IF19
/temps/3IF22.css 200 http:// intranet-if.insa-lyon.fr /temps/4IF17
/favicon.ico.html 200 http:// intranet-if.insa-lyon.fr /temps/InsaIF.ico
/notesif/.php 200 http:// intranet-if.insa-lyon.fr /temps/3IF5
/favicon.ico.poulet 200 http:// intranet-if.insa-lyon.fr /temps/3IF37
/stages/Listestage.php.html 200 http:// intranet-if.insa-lyon.fr /temps/3IF1.ics
/temps/3IF5.poulet 200 http:// intranet-if.insa-lyon.fr /temps/3IF38
/temps/3IF39.css 200 http:// intranet-if.insa-lyon.fr /notesif/RSS/RSS_4IF.xml
/temps/4IF19.js 200 http:// intranet-if.insa-lyon.fr /temps/3IF15
/SiteWebIF/Intranet-etudiant.php.html 200 http:// intranet-if.insa-lyon.fr /temps/4IF17
/temps/3IF47.php 200 http:// intranet-if.insa-lyon.fr /temps/3IF1.ics
/temps/3IF52.poulet 200 http:// intranet-if.insa-lyon.fr /temps/InsaIF.ico
/temps/InsaIF.ico.ico 200 http:// intranet-if.insa-lyon.fr /
/favicon.ico.jpg 200 http:// intranet-if.insa-lyon.fr /temps/3IF41
/temps/3IF44.php 200 http:// intranet-if.insa-lyon.fr /SiteWebIF/Intranet-etudiant.phpticket=ST-341682-RjfRTgziibddmotBJFlo-dsi-vm03
/temps/3IF8.poulet 200 http:// intranet-if.insa-lyon.fr /temps/3IF52
/temps/3IF38.poulet 200 http:// intranet-if.insa-lyon.fr /stages/ListePFE.php
/temps/3IF49.poulet 200 http:// intranet-if.insa-lyon.fr /temps/suivant.gif
/SiteWebIF/Intranet-etudiant.phpticketlNEzic9e5btb4JQ1Nw-dsi-vm03.css 200 http:// intranet-if.insa-lyon.fr /SiteWebIF/Intranet-etudiant.php
/stages/Listestage.php.html 200 http:// intranet-if.insa-lyon.fr /temps/3IF43
/temps/3IF37.js 200 http:// intranet-if.insa-lyon.fr /temps/3IF45
/temps/3IF41.php 200 http:// intranet-if.insa-lyon.fr /temps/3IF12
/temps/4IF17.js 200 http:// intranet-if.insa-lyon.fr /temps/3IF37
/temps/3IF38.ico 200 http:// intranet-if.insa-lyon.fr /temps/3IF39
/temps/3IF5.html 200 http:// intranet-if.insa-lyon.fr /temps/3IF6
/temps/4IF16.html/.poulet 200 http:// intranet-if.insa-lyon.fr /notesif/RSS/RSS_3IF.xml
/temps/3IF39.css 200 http:// intranet-if.insa-lyon.fr /temps/suivant.gif
/stages/Listestage.php.css 200 http:// intranet-if.insa-lyon.fr /temps/choix.gif
/temps/FondInsa.jpg.ico 200 http:// intranet-if.insa-lyon.fr /temps/3IF38
/SiteWebIF/Intranet-etudiant.phpticketlNEzic9e5btb4JQ1Nw-dsi-vm03.poulet 200 http:// intranet-if.insa-lyon.fr /temps/3IF16
/temps/3IF10.poulet 200 http:// intranet-if.insa-lyon.fr /temps/FondInsa.jpg
/temps/index.html 200 http:// intranet-if.insa-lyon.fr /temps/3IF37
/temps/3IF13.php 200 http:// intranet-if.insa-lyon.fr /temps/3IF42
/temps/3IF9.poulet 200 http:// intranet-if.insa-lyon.fr /temps/3IF51
/temps/precedent.gif.php 200 http:// intranet-if.insa-lyon.fr /temps/3IF1
/stages/FondInsa.jpg.php 200 http:// intranet-if.insa-lyon.fr /temps/3IF7
/temps/precedent.gif.jpg 200 http:// intranet-if.insa-lyon.fr /temps/3IF9
/temps/suivant.gif.html 200 http:// intranet-if.insa-lyon.fr /temps/3IF10
/temps/3IF10.css 200 http:// intranet-if.insa-lyon.fr /notesif
/temps/3IF5.php 200 http:// intranet-if.insa-lyon.fr /temps/style_emploi_du_temps.css
/stages/ListePFE.php.css 200 http:// intranet-if.insa-lyon.fr /
/temps/choix.gif.html 200 http:// intranet-if.insa-lyon.fr /temps/3IF44
/temps/3IF37.js 200 http:// intranet-if.insa-lyon.fr /temps/4IF3.ics
/temps/3IF45.poulet 200 http:// intranet-if.insa-lyon.fr /temps/4IF17
/temps/3IF6.poulet 200 http:// intranet-if.insa-lyon.fr /temps/3IF37
/temps/3IF9.php 200 http:// intranet-if.insa-lyon.fr /
/notesif/.css 200 http:// intranet-if.insa-lyon.fr /stages/bandeauFinal.jpg
/temps/3IF37.js 200 http:// intranet-if.insa-lyon.fr /temps/3IF7
/temps/3IF15.html 200 http:// intranet-if.insa-lyon.fr /temps/3IF14
/temps/3IF47.html 200 http:// intranet-if.insa-lyon.fr /temps/choix.gif
/temps/3IF15.php 200 http:// intranet-if.insa-lyon.fr /favicon.ico
/favicon.ico.css 200 http:// intranet-if.insa-lyon.fr /notesif/
/stages/style_pfe.css.html 200 http:// intranet-if.insa-lyon.fr /temps/3IF1
/temps/3IF39.css 200 http:// intranet-if.insa-lyon.fr /SiteWebIF/Intranet-etudiant.php
/SiteWebIF/Intranet-etudiant.php.ico 200 http:// intranet-if.insa-lyon.fr /temps/3IF6
/temps/3IF37.js 200 http:// intranet-if.insa-lyon.fr /temps/3IF12
/.php 200 http:// intranet-if.insa-lyon.fr /temps/style_emploi_du_temps.css
/notesif/.jpg 200 http:// intranet-if.insa-lyon.fr /favicon.ico
/temps/3IF9.ico 200 http:// intranet-if.insa-lyon.fr /temps/3IF43
/temps/MK.ics.php 200 http:// intranet-if.insa-lyon.fr /temps/3IF46
/temps/3IF18.ico 200 http:// intranet-if.insa-lyon.fr /temps/3IF19
/temps/3IF39.poulet 200 http:// intranet-if.insa-lyon.fr /temps/
/temps/FondInsa.jpg.css 200 http:// intranet-if.insa-lyon.fr /temps/3IF37
/temps/3IF5.css 200 http:// intranet-if.insa-lyon.fr /temps/3IF37
/SiteWebIF/Intranet-etudiant.phpticketlNEzic9e5btb4JQ1Nw-dsi-vm03.js 200 http:// intranet-if.insa-lyon.fr /temps/3IF38
/temps/style_emploi_du_temps.css.ico 200 http:// intranet-if.insa-lyon.fr /temps/3IF41
/notesif.html 200 http:// intranet-if.insa-lyon.fr /temps/3IF3
/temps/3IF38.js 200 http:// intranet-if.insa-lyon.fr /temps/3IF11
/temps/3IF6.php 200 http:// intranet-if.insa-lyon.fr /SiteWebIF/Intranet-etudiant.phpticket=ST-341682-RjfRTgziibddmotBJFlo-dsi-vm03
/temps/4IF3.ics.html 200 http:// intranet-if.insa-lyon.fr /temps/3IF2
/SiteWebIF/Intranet-etudiant.php.php 200 http:// intranet-if.insa-lyon.fr /SiteWebIF/Intranet-etudiant.php
/notesif/.css 200 http:// intranet-if.insa-lyon.fr /temps/3IF37
/notesif.css 200 http:// intranet-if.insa-lyon.fr /temps/MK.ics
/temps/4IF18.js 200 http:// intranet-if.insa-lyon.fr /temps/3IF51
/temps/3IF4.jpg 200 http:// intranet-if.insa-lyon.fr /temps/3IF3
/temps/3IF40.php 200 http:// intranet-if.insa-lyon.fr /temps/3IF10
/temps/4IF19.css 200 http:// intranet-if.insa-lyon.fr /notesif/
/cas/themes/insa/media/favicon.ico.poulet 200 http:// intranet-if.insa-lyon.fr /SiteWebIF/Intranet-etudiant.php
/notesif/RSS/RSS_4IF.xml.html 200 http:// intranet-if.insa-lyon.fr /temps/3IF40
/temps/3IF19.poulet 200 http:// intranet-if.insa-lyon.fr /temps/3IF44
/notesif/.js 200 http:// intranet-if.insa-lyon.fr /temps/3IF37
/temps/InsaIF.ico.js 200 http:// intranet-if.insa-lyon.fr /temps/3IF44
/temps/style_emploi_du_temps.css.poulet 200 http:// intranet-if.insa-lyon.fr /temps/3IF52
/temps/3IF38.html 200 http:// intranet-if.insa-lyon.fr /temps/3IF5
/temps/3IF38.poulet 200 http:// intranet-if.insa-lyon.fr /temps/3IF12
/temps/3IF37.html 200 http:// intranet-if.insa-lyon.fr /notesif
/temps/suivant.gif.poulet 200 http:// intranet-if.insa-lyon.fr /stages/Listestage.php
/temps/3IF1.css 200 http:// intranet-if.insa-lyon.fr /temps/3IF38
/temps/3IF15.poulet 200 http:// intranet-if.insa-lyon.fr /SiteWebIF/Intranet-etudiant.php
/SiteWebIF/Intranet-etudiant.php.poulet 200 http:// intranet-if.insa-lyon.fr /temps/3IF2
/temps/3IF52.css 200 http:// intranet-if.insa-lyon.fr /stages/InsaIF.ico
/stages/style_pfe.css.php 200 http:// intranet-if.insa-lyon.fr /notesif/RSS/RSS_3IF.xml
/stages/InsaIF.ico.js 200 http:// intranet-if.insa-lyon.fr /temps/FondInsa.jpg
/temps/FondInsa.jpg.php 200 http:// intranet-if.insa-lyon.fr /temps/3IF38
/temps/4IF20.php 200 http:// intranet-if.insa-lyon.fr /temps/3IF39
/temps/3IF41.jpg 200 http:// intranet-if.insa-lyon.fr /temps/
/.css 200 http:// intranet-if.insa-lyon.fr /temps/3IF1.ics
/temps/3IF18.html 200 http:// intranet-if.insa-lyon.fr /temps/choix.gif
/favicon.ico.php 200 http:// intranet-if.insa-lyon.fr /temps/MK.ics
/favicon.ico.html 200 http:// intranet-if.insa-lyon.fr /cas/themes/insa/media/favicon.ico
/temps/3IF49.php 200 http:// intranet-if.insa-lyon.fr /notesif/RSS/RSS_3IF.xml
/notesif/RSS/RSS_4IF.xml.html 200 http:// intranet-if.insa-lyon.fr /temps/choix.gif
/temps/3IF20.css 200 http:// intranet-if.insa-lyon.fr /temps/3IF18
/temps/suivant.gif.poulet 200 http:// intranet-if.insa-lyon.fr /SiteWebIF/Intranet-etudiant.php
/stages/FondInsa.jpg.jpg 200 http:// intranet-if.insa-lyon.fr /temps/4IF16.html/
/temps/3IF51.ico 200 http:// intranet-if.insa-lyon.fr /temps/3IF38
/temps/3IF15.poulet 200 http:// intranet-if.insa-lyon.fr /temps/InsaIF.ico
/temps/3IF38.js 200 http:// intranet-if.insa-lyon.fr /notesif
/temps/3IF11.js 200 http:// intranet-if.insa-lyon.fr /temps/3IF1
/stages/InsaIF.ico.poulet 200 http:// intranet-if.insa-lyon.fr /temps/3IF8
/temps/3IF37.php 200 http:// intranet-if.insa-lyon.fr /temps/3IF21
/temps/choix.gif.html 200 http:// intranet-if.insa-lyon.fr /temps/
/temps/4IF19.js 200 http:// intranet-if.insa-lyon.fr /temps/3IF45
/temps/3IF40.poulet 200 http:// intranet-if.insa-lyon.fr /temps/3IF4
/temps/3IF12.php 200 http:// intranet-if.insa-lyon.fr /notesif/
/temps/3IF38.html 200 http:// intranet-if.insa-lyon.fr /temps/FondInsa.jpg
/stages/ListePFE.php.ico 200 http:// intranet-if.insa-lyon.fr /temps/3IF37
/temps/precedent.gif.jpg 200 http:// intranet-if.insa-lyon.fr /temps/choix.gif
/.jpg 200 http:// intranet-if.insa-lyon.fr /temps/3IF1.ics
/temps/.php 200 http:// intranet-if.insa-lyon.fr /temps/3IF43
/temps/3IF48.js 200 http:// intranet-if.insa-lyon.fr /temps/4IF16.html/
/temps/3IF38.html 200 http:// intranet-if.insa-lyon.fr /
/temps/4IF19.php 200 http:// intranet-if.insa-lyon.fr /temps/3IF39
/temps/index.poulet 200 http:// intranet-if.insa-lyon.fr /temps/3IF39
/temps/suivant.gif.poulet 200 http:// intranet-if.insa-lyon.fr /temps/3IF39
/temps/choix.gif.poulet 200 http:// intranet-if.insa-lyon.fr /temps/3IF41
/temps/3IF39.jpg 200 http:// intranet-if.insa-lyon.fr /temps/3IF1
/temps/InsaIF.ico.php 200 http:// intranet-if.insa-lyon.fr /notesif/RSS/RSS_4IF.xml
/temps/3IF15.html 200 http:// intranet-if.insa-lyon.fr /temps/3IF21
/temps/.poulet 200 http:// intranet-if.insa-lyon.fr /temps/choix.gif
/favicon.ico.php 200 http:// intranet-if.insa-lyon.fr /temps/3IF38
/temps/3IF51.html 200 http:// intranet-if.insa-lyon.fr /favicon.ico
/temps/style_emploi_du_temps.css.poulet 200 http:// intranet-if.insa-lyon.fr /temps/3IF38
/.jpg 200 http:// intranet-if.insa-lyon.fr /SiteWebIF/Intranet-etudiant.php
/temps/3IF42.php 200 http:// intranet-if.insa-lyon.fr /stages/ListePFE.php
/temps/3IF10.html 200 http:// intranet-if.insa-lyon.fr /temps/index
/temps/3IF9.poulet 200 http:// intranet-if.insa-lyon.fr /temps/3IF41
/temps/3IF5.ico 200 http:// intranet-if.insa-lyon.fr /notesif/RSS/RSS_3IF.xml
/temps/3IF9.php 200 http:// intranet-if.insa-lyon.fr /temps/4IF19
/temps/3IF44.php 200 http:// intranet-if.insa-lyon.fr /temps/style_emploi_du_temps.css
/SiteWebIF/Intranet-etudiant.php.php 200 http:// intranet-if.insa-lyon.fr /temps/FondInsa.jpg
/temps/suivant.gif.html 200 http:// intranet-if.insa-lyon.fr /
/temps/3IF38.php 200 http:// intranet-if.insa-lyon.fr /temps/3IF40
/temps/4IF19.poulet 200 http:// intranet-if.insa-lyon.fr /temps/3IF43
/stages/bandeauFinal.jpg.poulet 200 http:// intranet-if.insa-lyon.fr /temps/3IF5
/favicon.ico.poulet 200 http:// intranet-if.insa-lyon.fr /temps/3IF37
/notesif.poulet 200 http:// intranet-if.insa-lyon.fr /SiteWebIF/Intranet-etudiant.phpticket=ST-341682-RjfRTgziibddmotBJFlo-dsi-vm03
/temps/4IF18.poulet 200 http:// intranet-if.insa-lyon.fr /temps/3IF46
/SiteWebIF/Intranet-etudiant.php.php 200 http:// intranet-if.insa-lyon.fr /temps/3IF14
/temps/3IF17.js 200 http:// intranet-if.insa-lyon.fr /temps/4IF20
/SiteWebIF/Intranet-etudiant.php.poulet 200 http:// intranet-if.insa-lyon.fr /SiteWebIF/Intranet-etudiant.php
/temps/3IF1.css 200 http:// intranet-if.insa-lyon.fr /stages/style_pfe.css
/notesif.poulet 200 http:// intranet-if.insa-lyon.fr /temps/FondInsa.jpg
/temps/3IF1.ics.html 200 http:// intranet-if.insa-lyon.fr /temps/3IF47
/temps/FondInsa.jpg.poulet 200 http:// intranet-if.insa-lyon.fr /stages/Listestage.php
/temps/choix.gif.poulet 200 http:// intranet-if.insa-lyon.fr /SiteWebIF/Intranet-etudiant.phpticket=ST-341682-RjfRTgziibddmotBJFlo-dsi-vm03
/temps/4IF3.ics.js 200 http:// intranet-if.insa-lyon.fr /notesif
/temps/3IF52.html 200 http:// intranet-if.insa-lyon.fr /temps/3IF49
/temps/3IF1.ics.ico 200 http:// intranet-if.insa-lyon.fr /temps/3IF1
/temps/InsaIF.ico.php 200 http:// intranet-if.insa-lyon.fr /temps/3IF37
/temps/choix.gif.html 200 http:// intranet-if.insa-lyon.fr /SiteWebIF/Intranet-etudiant.php
/temps/3IF41.ico 200 http:// intranet-if.insa-lyon.fr /notesif
/temps/3IF37.ico 200 http:// intranet-if.insa-lyon.fr /temps/3IF9
/temps/3IF14.poulet 200 http:// intranet-if.insa-lyon.fr /temps/choix.gif
/temps/style_emploi_du_temps.css.php 200 http:// intranet-if.insa-lyon.fr /temps/style_emploi_du_temps.css
/temps/3IF48.ico 200 http:// intranet-if.insa-lyon.fr /temps/3IF46
/favicon.ico.ico 200 http:// intranet-if.insa-lyon.fr /temps/3IF52
/temps/3IF17.css 200 http:// intranet-if.insa-lyon.fr /favicon.ico
/.js 200 http:// intranet-if.insa-lyon.fr /temps/suivant.gif
/notesif/.js 200 http:// intranet-if.insa-lyon.fr /temps/3IF39
/temps/3IF51.php 200 http:// intranet-if.insa-lyon.fr /SiteWebIF/Intranet-etudiant.php
/temps/3IF44.poulet 200 http:// intranet-if.insa-lyon.fr /temps/3IF51
/SiteWebIF/Intranet-etudiant.php.css 200 http:// intranet-if.insa-lyon.fr /temps/3IF21
/temps/3IF8.poulet 200 http:// intranet-if.insa-lyon.fr /notesif/RSS/RSS_3IF.xml
/temps/3IF39.html 200 http:// intranet-if.insa-lyon.fr /temps/3IF38
/temps/3IF38.jpg 200 http:// intranet-if.insa-lyon.fr /notesif/
/stages/InsaIF.ico.html 200 http:// intranet-if.insa-lyon.fr /temps/InsaIF.ico
/notesif/.php 200 http:// intranet-if.insa-lyon.fr /temps/3IF43
/temps/4IF19.php 200 http:// intranet-if.insa-lyon.fr /temps/MK.ics
/stages/InsaIF.ico.jpg 200 http:// intranet-if.insa-lyon.fr /SiteWebIF/Intranet-etudiant.php
/temps/4IF17.poulet 200 http:// intranet-if.insa-lyon.fr /notesif/RSS/RSS_4IF.xml
/temps/3IF38.php 200 http:// intranet-if.insa-lyon.fr /temps/3IF9
/temps/InsaIF.ico.js 200 http:// intranet-if.insa-lyon.fr /temps/suivant.gif
/temps/3IF41.poulet 200 http:// intranet-if.insa-lyon.fr /temps/4IF3.ics
/temps/3IF43.php 200 http:// intranet-if.insa-lyon.fr /temps/4IF16.html/
/temps/3IF4.poulet 200 http:// intranet-if.insa-lyon.fr /temps/3IF37
/favicon.ico.poulet 200 http:// intranet-if.insa-lyon.fr /SiteWebIF/Intranet-etudiant.php
/temps/4IF20.ico 200 http:// intranet-if.insa-lyon.fr /temps/suivant.gif
/temps/.jpg 200 http:// intranet-if.insa-lyon.fr /temps/3IF19
/temps/3IF46.css 200 http:// intranet-if.insa-lyon.fr /notesif/
/temps/3IF42.poulet 200 http:// intranet-if.insa-lyon.fr /favicon.ico
/temps/3IF50.ico 200 http:// intranet-if.insa-lyon.fr /temps/3IF51
/temps/4IF18.css 200 http:// intranet-if.insa-lyon.fr /temps/3IF4
/temps/index.html 200 http:// intranet-if.insa-lyon.fr /temps/3IF5
/temps/3IF1.jpg 200 http:// intranet-if.insa-lyon.fr /temps/3IF14
/temps/3IF52.poulet 200 http:// intranet-if.insa-lyon.fr /temps/FondInsa.jpg
/temps/precedent.gif.poulet 200 http:// intranet-if.insa-lyon.fr /temps/precedent.gif
/notesif/RSS/RSS_4IF.xml.js 200 http:// intranet-if.insa-lyon.fr /SiteWebIF/Intranet-etudiant.phpticketlNEzic9e5btb4JQ1Nw-dsi-vm03
/temps/3IF39.css 200 http:// intranet-if.insa-lyon.fr /
/SiteWebIF/Intranet-etudiant.php.css 200 http:// intranet-if.insa-lyon.fr /favicon.ico
/temps/3IF39.css 200 http:// intranet-if.insa-lyon.fr /temps/3IF44
/stages/ListePFE.php.html 200 http:// intranet-if.insa-lyon.fr /stages/bandeauFinal.jpg
/temps/3IF15.html 200 http:// intranet-if.insa-lyon.fr /temps/3IF7
/.php 200 http:// intranet-if.insa-lyon.fr /temps/3IF15
/temps/4IF17.poulet 200 http:// intranet-if.insa-lyon.fr /SiteWebIF/Intranet-etudiant.php
/temps/3IF4.css 200 http:// intranet-if.insa-lyon.fr /temps/3IF37
/temps/3IF50.jpg 200 http:// intranet-if.insa-lyon.fr /notesif
/temps/3IF39.jpg 200 http:// intranet-if.insa-lyon.fr /temps/3IF51
/temps/3IF39.js 200 http:// intranet-if.insa-lyon.fr /SiteWebIF/Intranet-etudiant.phpticket=ST-18983-qoy9blUTrJiM4PYIhncG-dsi-vm04
/temps/3IF10.php 200 http:// intranet-if.insa-lyon.fr /temps/FondInsa.jpg
/temps/.poulet 200 http:// intranet-if.insa-lyon.fr /stages/FondInsa.jpg
/SiteWebIF/Intranet-etudiant.php.html 200 http:// intranet-if.insa-lyon.fr /temps/3IF11
/temps/3IF38.js 200 http:// intranet-if.insa-lyon.fr /temps/3IF13
/temps/3IF2.php 200 http:// intranet-if.insa-lyon.fr /temps/3IF17
/temps/3IF12.php 200 http:// intranet-if.insa-lyon.fr /temps/3IF39
/temps/InsaIF.ico.php 200 http:// intranet-if.insa-lyon.fr /temps/3IF39
/temps/index.js 200 http:// intranet-if.insa-lyon.fr /notesif/
/temps/3IF1.js 200 http:// intranet-if.insa-lyon.fr /temps/4IF16.html/
/notesif/.poulet 200 http:// intranet-if.insa-lyon.fr /temps/precedent.gif
/temps/3IF39.poulet 200 http:// intranet-if.insa-lyon.fr /temps/3IF5
/temps/suivant.gif.ico 200 http:// intranet-if.insa-lyon.fr /temps/3IF7
/temps/index.jpg 200 http:// intranet-if.insa-lyon.fr /temps/3IF39
/temps/3IF6.html 200 http:// intranet-if.insa-lyon.fr /temps/3IF44
/temps/3IF44.css 200 http:// intranet-if.insa-lyon.fr /SiteWebIF/Intranet-etudiant.php
/temps/3IF6.poulet 200 http:// intranet-if.insa-lyon.fr /temps/3IF5
/temps/3IF8.js 200 http:// intranet-if.insa-lyon.fr /temps/3IF18
/stages/bandeauFinal.jpg.html 200 http:// intranet-if.insa-lyon.fr /notesif
/notesif/.html 200 http:// intranet-if.insa-lyon.fr /stages/ListePFE.php
/temps/3IF13.js 200 http:// intranet-if.insa-lyon.fr /favicon.ico
/notesif.php 200 http:// intranet-if.insa-lyon.fr /temps/FondInsa.jpg
/temps/3IF50.poulet 200 http:// intranet-if.insa-lyon.fr /temps/MK.ics
/temps/style_emploi_du_temps.css.css 200 http:// intranet-if.insa-lyon.fr /
/temps/choix.gif.php 200 http:// intranet-if.insa-lyon.fr /temps/3IF44
/favicon.ico.php 200 http:// intranet-if.insa-lyon.fr /temps/3IF21
/temps/3IF37.js 200 http:// intranet-if.insa-lyon.fr /temps/3IF22
/temps/3IF7.html 200 http:// intranet-if.insa-lyon.fr /cas/themes/insa/media/favicon.ico
/temps/3IF18.jpg 200 http:// intranet-if.insa-lyon.fr /temps/style_emploi_du_temps.css
/temps/3IF49.html 200 http:// intranet-if.insa-lyon.fr /stages/InsaIF.ico
/temps/4IF17.poulet 200 http:// intranet-if.insa-lyon.fr /notesif/RSS/RSS_4IF.xml
/temps/FondInsa.jpg.ico 200 http:// intranet-if.insa-lyon.fr /temps/3IF15
/temps/4IF19.js 200 http:// intranet-if.insa-lyon.fr /temps/3IF21
/temps/3IF38.ico 200 http:// intranet-if.insa-lyon.fr /notesif/
/temps/4IF19.poulet 200 http:// intranet-if.insa-lyon.fr /stages/ListePFE.php
/temps/3IF11.php 200 http:// intranet-if.insa-lyon.fr /temps/MK.ics
/favicon.ico.js 200 http:// intranet-if.insa-lyon.fr /
/temps/choix.gif.poulet 200 http:// intranet-if.insa-lyon.fr /favicon.ico
/stages/Listestage.php.poulet 200 http:// intranet-if.insa-lyon.fr /SiteWebIF/Intranet-etudiant.php
/temps/3IF39.html 200 http:// intranet-if.insa-lyon.fr /SiteWebIF/Intranet-etudiant.php
/favicon.ico.poulet 200 http:// intranet-if.insa-lyon.fr /favicon.ico
/SiteWebIF/Intranet-etudiant.php.ico 200 http:// intranet-if.insa-lyon.fr /temps/3IF39
/temps/3IF42.poulet 200 http:// intranet-if.insa-lyon.fr /notesif/RSS/RSS_3IF.xml
/temps/3IF7.poulet 200 http:// intranet-if.insa-lyon.fr /temps/4IF17
/temps/InsaIF.ico.js 200 http:// intranet-if.insa-lyon.fr /temps/precedent.gif
/temps/FondInsa.jpg.html 200 http:// intranet-if.insa-lyon.fr /favicon.ico
/notesif/.css 200 http:// intranet-if.insa-lyon.fr /stages/Listestage.php
/temps/3IF42.ico 200 http:// intranet-if.insa-lyon.fr /temps/3IF7
/temps/3IF8.html 200 http:// intranet-if.insa-lyon.fr /notesif/RSS/RSS_3IF.xml
/temps/.html 200 http:// intranet-if.insa-lyon.fr /temps/4IF18
/.poulet 200 http:// intranet-if.insa-lyon.fr /temps/
/temps/3IF38.html 200 http:// intranet-if.insa-lyon.fr /temps/3IF38
/stages/ListePFE.php.php 200 http:// intranet-if.insa-lyon.fr /temps/3IF12
/temps/3IF45.js 200 http:// intranet-if.insa-lyon.fr /temps/3IF15
/temps/3IF46.html 200 http:// intranet-if.insa-lyon.fr /cas/themes/insa/media/favicon.ico
/temps/precedent.gif.css 200 http:// intranet-if.insa-lyon.fr /stages/ListePFE.php
/temps/3IF1.ics.css 200 http:// intranet-if.insa-lyon.fr /temps/MK.ics
/.php 200 http:// intranet-if.insa-lyon.fr /SiteWebIF/Intranet-etudiant.phpticket=ST-341682-RjfRTgziibddmotBJFlo-dsi-vm03
/favicon.ico.html 200 http:// intranet-if.insa-lyon.fr /stages/FondInsa.jpg
/temps/3IF9.html 200 http:// intranet-if.insa-lyon.fr /temps/3IF46
/stages/InsaIF.ico.poulet 200 http:// intranet-if.insa-lyon.fr /temps/3IF7
/temps/3IF46.js 200 http:// intranet-if.insa-lyon.fr /temps/3IF8
/favicon.ico.js 200 http:// intranet-if.insa-lyon.fr /notesif/RSS/RSS_3IF.xml
/temps/3IF21.css 200 http:// intranet-if.insa-lyon.fr /favicon.ico
/SiteWebIF/Intranet-etudiant.php.js 200 http:// intranet-if.insa-lyon.fr /temps/4IF19
/temps/precedent.gif.php 200 http:// intranet-if.insa-lyon.fr /temps/3IF38
/temps/.jpg 200 http:// intranet-if.insa-lyon.fr /temps/3IF39
/temps/3IF49.js 200 http:// intranet-if.insa-lyon.fr /cas/themes/insa/media/favicon.ico
/temps/InsaIF.ico.html 200 http:// intranet-if.insa-lyon.fr /temps/suivant.gif
/temps/style_emploi_du_temps.css.html 200 http:// intranet-if.insa-lyon.fr /temps/3IF16
/SiteWebIF/Intranet-etudiant.php.php 200 http:// intranet-if.insa-lyon.fr /temps/4IF19
/temps/4IF16.html/.html 200 http:// intranet-if.insa-lyon.fr /temps/4IF20
/temps/3IF39.html 200 http:// intranet-if.insa-lyon.fr /temps/3IF39
/temps/3IF20.css 200 http:// intranet-if.insa-lyon.fr /stages/style_pfe.css
/temps/3IF52.poulet 200 http:// intranet-if.insa-lyon.fr /temps/4IF20
/temps/choix.gif.js 200 http:// intranet-if.insa-lyon.fr /temps/3IF1.ics
/temps/3IF42.php 200 http:// intranet-if.insa-lyon.fr /temps/InsaIF.ico
/temps/3IF14.jpg 200 http:// intranet-if.insa-lyon.fr /temps/3IF11
/temps/3IF51.php 200 http:// intranet-if.insa-lyon.fr /SiteWebIF/Intranet-etudiant.php
/temps/3IF15.poulet 200 http:// intranet-if.insa-lyon.fr /temps/InsaIF.ico
/temps/3IF37.poulet 200 http:// intranet-if.insa-lyon.fr /temps/3IF38
/SiteWebIF/Intranet-etudiant.php.css 200 http:// intranet-if.insa-lyon.fr /temps/3IF39
/temps/3IF11.php 200 http:// intranet-if.insa-lyon.fr /temps/3IF38
/temps/4IF18.html 200 http:// intranet-if.insa-lyon.fr /temps/3IF5
/stages/Listestage.php.php 200 http:// intranet-if.insa-lyon.fr /temps/3IF11
/temps/3IF18.jpg 200 http:// intranet-if.insa-lyon.fr /temps/3IF19
/SiteWebIF/Intranet-etudiant.php.ico 200 http:// intranet-if.insa-lyon.fr /notesif
/SiteWebIF/Intranet-etudiant.php.html 200 http:// intranet-if.insa-lyon.fr /stages/ListePFE.php
/notesif.php 200 http:// intranet-if.insa-lyon.fr /SiteWebIF/Intranet-etudiant.php
/temps/3IF3.ico 200 http:// intranet-if.insa-lyon.fr /favicon.ico
/temps/FondInsa.jpg.html 200 http:// intranet-if.insa-lyon.fr /temps/choix.gif
/temps/3IF39.html 200 http:// intranet-if.insa-lyon.fr /temps/3IF52
/stages/style_pfe.css.html 200 http:// intranet-if.insa-lyon.fr /temps/3IF39
/SiteWebIF/Intranet-etudiant.php.ico 200 http:// intranet-if.insa-lyon.fr /temps/3IF37
/notesif.html 200 http:// intranet-if.insa-lyon.fr /notesif/
/temps/3IF38.html 200 http:// intranet-if.insa-lyon.fr /cas/themes/insa/media/favicon.ico
/temps/3IF1.ics.jpg 200 http:// intranet-if.insa-lyon.fr /temps/3IF37
/notesif.poulet 200 http:// intranet-if.insa-lyon.fr /SiteWebIF/Intranet-etudiant.php
/temps/3IF15.html 200 http:// intranet-if.insa-lyon.fr /stages/style_pfe.css
/temps/InsaIF.ico.poulet 200 http:// intranet-if.insa-lyon.fr /temps/3IF6
/temps/3IF38.php 200 http:// intranet-if.insa-lyon.fr /temps/
/temps/suivant.gif.html 200 http:// intranet-if.insa-lyon.fr /
/temps/3IF38.poulet 200 http:// intranet-if.insa-lyon.fr /temps/index
/temps/3IF8.css 200 http:// intranet-if.insa-lyon.fr /temps/3IF50
/temps/4IF18.poulet 200 http:// intranet-if.insa-lyon.fr /temps/3IF2
/temps/3IF11.html 200 http:// intranet-if.insa-lyon.fr /temps/4IF16.html/
/temps/3IF37.poulet 200 http:// intranet-if.insa-lyon.fr /stages/Listestage.php
/temps/3IF7.php 200 http:// intranet-if.insa-lyon.fr /temps/index
/temps/InsaIF.ico.html 200 http:// intranet-if.insa-lyon.fr /stages/ListePFE.php
/stages/style_pfe.css.poulet 200 http:// intranet-if.insa-lyon.fr /SiteWebIF/Intranet-etudiant.phpticketlNEzic9e5btb4JQ1Nw-dsi-vm03
/temps/3IF37.jpg 200 http:// intranet-if.insa-lyon.fr /stages/Listestage.php
/temps/3IF15.css 200 http:// intranet-if.insa-lyon.fr /stages/InsaIF.ico
/temps/suivant.gif.js 200 http:// intranet-if.insa-lyon.fr /stages/bandeauFinal.jpg
/temps/3IF47.ico 200 http:// intranet-if.insa-lyon.fr /temps/3IF2
/temps/3IF38.js 200 http:// intranet-if.insa-lyon.fr /notesif/RSS/RSS_4IF.xml
/SiteWebIF/Intranet-etudiant.phpticket=ST-18983-qoy9blUTrJiM4PYIhncG-dsi-vm04.html 200 http:// intranet-if.insa-lyon.fr /favicon.ico
/temps/3IF38.poulet 200 http:// intranet-if.insa-lyon.fr /temps/3IF11
/temps/3IF2.js 200 http:// intranet-if.insa-lyon.fr /temps/3IF19
/temps/3IF49.css 200 http:// intranet-if.insa-lyon.fr /cas/themes/insa/media/favicon.ico
/temps/3IF44.html 200 http:// intranet-if.insa-lyon.fr /temps/4IF16.html/
/SiteWebIF/Intranet-etudiant.phpticketlNEzic9e5btb4JQ1Nw-dsi-vm03.ico 200 http:// intranet-if.insa-lyon.fr /temps/style_emploi_du_temps.css
/temps/4IF19.html 200 http:// intranet-if.insa-lyon.fr /favicon.ico
/temps/3IF1.html 200 http:// intranet-if.insa-lyon.fr /stages/bandeauFinal.jpg
/temps/3IF8.css 200 http:// intranet-if.insa-lyon.fr /temps/3IF46
/temps/suivant.gif.poulet 200 http:// intranet-if.insa-lyon.fr /stages/ListePFE.php
/temps/4IF17.poulet 200 http:// intranet-if.insa-lyon.fr /
/temps/3IF19.html 200 http:// intranet-if.insa-lyon.fr /temps/
/temps/3IF50.css 200 http:// intranet-if.insa-lyon.fr /temps/
/temps/3IF2.css 200 http:// intranet-if.insa-lyon.fr /temps/index
/temps/3IF6.php 200 http:// intranet-if.insa-lyon.fr /temps/3IF45
/temps/3IF39.php 200 http:// intranet-if.insa-lyon.fr /temps/3IF52
/temps/3IF6.poulet 200 http:// intranet-if.insa-lyon.fr /temps/4IF17
